[script.viserlab.com/bookcom/index.html]
[backblue.gif]
[fade.gif]
[index.html]
[script.viserlab.com/bookcom/assets/images/logo_icon/favicon.png]
[script.viserlab.com/bookcom/assets/images/logo_icon/logo6654.png]
[script.viserlab.com/bookcom/assets/images/seo/68c546dfd9c441757759199.png]
[script.viserlab.com/bookcom/assets/global/css/bootstrap.min.css]
[script.viserlab.com/bookcom/assets/global/css/all.min.css]
[script.viserlab.com/bookcom/assets/global/css/line-awesome.min.css]
[script.viserlab.com/bookcom/assets/global/css/select2.min.css]
[script.viserlab.com/bookcom/assets/templates/basic/css/slick.css]
[script.viserlab.com/bookcom/assets/templates/basic/css/fileupload.css]
[script.viserlab.com/bookcom/assets/templates/basic/css/mainf56f.css]
[script.viserlab.com/bookcom/assets/templates/basic/css/customf56f.css]
[script.viserlab.com/bookcom/assets/templates/basic/css/color5a6f.css]
[script.viserlab.com/bookcom/assets/images/logo_icon/logo_dark6654.png]
[script.viserlab.com/bookcom/assets/images/language/660b94fa876ac1712035066.png]
[script.viserlab.com/bookcom/assets/images/language/68bbfd076cb381757150471.png]
[script.viserlab.com/bookcom/assets/images/language/68bd79662c2b51757247846.png]
[script.viserlab.com/bookcom/assets/images/language/68bd79afd009a1757247919.png]
[script.viserlab.com/bookcom/track-order.html]
[script.viserlab.com/bookcom/products.html]
[script.viserlab.com/bookcom/blogs.html]
[script.viserlab.com/bookcom/contact.html]
[script.viserlab.com/bookcom/wishlist.html]
[script.viserlab.com/bookcom/user/login.html]
[script.viserlab.com/bookcom/products/categories/fiction.html]
[script.viserlab.com/bookcom/products/categories/historical-fiction.html]
[script.viserlab.com/bookcom/products/categories/ancient-civilizations.html]
[script.viserlab.com/bookcom/products/categories/medieval-europe.html]
[script.viserlab.com/bookcom/products/categories/world-wars.html]
[script.viserlab.com/bookcom/products/categories/mystery-thriller.html]
[script.viserlab.com/bookcom/products/categories/detective.html]
[script.viserlab.com/bookcom/products/categories/british-detective.html]
[script.viserlab.com/bookcom/products/categories/hard-boiled-detective.html]
[script.viserlab.com/bookcom/products/categories/psychological-thriller.html]
[script.viserlab.com/bookcom/products/categories/domestic-thriller.html]
[script.viserlab.com/bookcom/products/categories/medical-thriller.html]
[script.viserlab.com/bookcom/products/categories/crime-legal.html]
[script.viserlab.com/bookcom/products/categories/legal-drama.html]
[script.viserlab.com/bookcom/products/categories/organized-crime.html]
[script.viserlab.com/bookcom/products/categories/science-fiction.html]
[script.viserlab.com/bookcom/products/categories/space-opera.html]
[script.viserlab.com/bookcom/products/categories/time-travel.html]
[script.viserlab.com/bookcom/products/categories/cyberpunk.html]
[script.viserlab.com/bookcom/products/categories/dystopian-tech.html]
[script.viserlab.com/bookcom/products/categories/ai-takeover.html]
[script.viserlab.com/bookcom/products/categories/alien-invasion.html]
[script.viserlab.com/bookcom/products/categories/fantasy.html]
[script.viserlab.com/bookcom/products/categories/epic-fantasy.html]
[script.viserlab.com/bookcom/products/categories/high-magic.html]
[script.viserlab.com/bookcom/products/categories/questadventure.html]
[script.viserlab.com/bookcom/products/categories/urban-fantasy.html]
[script.viserlab.com/bookcom/products/categories/supernatural-in-modern-world.html]
[script.viserlab.com/bookcom/products/categories/hidden-magic-realms.html]
[script.viserlab.com/bookcom/products/categories/dark-fantasy.html]
[script.viserlab.com/bookcom/products/categories/horror-infused-fantasy.html]
[script.viserlab.com/bookcom/products/categories/anti-heroes.html]
[script.viserlab.com/bookcom/products/categories/romance.html]
[script.viserlab.com/bookcom/products/categories/contemporary.html]
[script.viserlab.com/bookcom/products/categories/billionaire-romance.html]
[script.viserlab.com/bookcom/products/categories/enemies-to-lovers.html]
[script.viserlab.com/bookcom/products/categories/historical-romance.html]
[script.viserlab.com/bookcom/products/categories/regency-romance.html]
[script.viserlab.com/bookcom/products/categories/medieval-romance.html]
[script.viserlab.com/bookcom/products/categories/paranormal-romance.html]
[script.viserlab.com/bookcom/products/categories/vampire-romance.html]
[script.viserlab.com/bookcom/products/categories/shifter-romance.html]
[script.viserlab.com/bookcom/products/categories/non-fiction.html]
[script.viserlab.com/bookcom/products/categories/biographies-memoirs.html]
[script.viserlab.com/bookcom/products/categories/political-leaders.html]
[script.viserlab.com/bookcom/products/categories/explorers-adventurers.html]
[script.viserlab.com/bookcom/products/categories/celebrity-memoirs.html]
[script.viserlab.com/bookcom/products/categories/self-help.html]
[script.viserlab.com/bookcom/products/categories/mindfulness-meditation.html]
[script.viserlab.com/bookcom/products/categories/productivity.html]
[script.viserlab.com/bookcom/products/categories/relationship-advice.html]
[script.viserlab.com/bookcom/products/categories/business-finance.html]
[script.viserlab.com/bookcom/products/categories/personal-finance.html]
[script.viserlab.com/bookcom/products/categories/startups-entrepreneurship.html]
[script.viserlab.com/bookcom/products/categories/economics.html]
[script.viserlab.com/bookcom/products/categories/science-technology.html]
[script.viserlab.com/bookcom/products/categories/physics.html]
[script.viserlab.com/bookcom/products/categories/computer-science.html]
[script.viserlab.com/bookcom/products/categories/artificial-intelligence.html]
[script.viserlab.com/bookcom/products/categories/programming.html]
[script.viserlab.com/bookcom/products/categories/environment-nature.html]
[script.viserlab.com/bookcom/products/categories/health-wellness.html]
[script.viserlab.com/bookcom/products/categories/depression-anxiety.html]
[script.viserlab.com/bookcom/products/categories/self-esteem.html]
[script.viserlab.com/bookcom/products/categories/fitness.html]
[script.viserlab.com/bookcom/products/categories/nutrition.html]
[script.viserlab.com/bookcom/products/categories/children-young-adult.html]
[script.viserlab.com/bookcom/products/categories/childrens-books.html]
[script.viserlab.com/bookcom/products/categories/bedtime-stories.html]
[script.viserlab.com/bookcom/products/categories/learning-early-concepts.html]
[script.viserlab.com/bookcom/products/categories/picture-books.html]
[script.viserlab.com/bookcom/products/categories/middle-grade.html]
[script.viserlab.com/bookcom/products/categories/adventure.html]
[script.viserlab.com/bookcom/products/categories/magical-creatures.html]
[script.viserlab.com/bookcom/products/categories/young-adult-ya.html]
[script.viserlab.com/bookcom/products/categories/ya-dystopian.html]
[script.viserlab.com/bookcom/products/categories/ya-fantasy.html]
[script.viserlab.com/bookcom/products/categories/ya-contemporary.html]
[script.viserlab.com/bookcom/products/categories/education-academics.html]
[script.viserlab.com/bookcom/products/categories/textbooks.html]
[script.viserlab.com/bookcom/products/categories/math.html]
[script.viserlab.com/bookcom/products/categories/science.html]
[script.viserlab.com/bookcom/products/categories/literature.html]
[script.viserlab.com/bookcom/products/categories/study-guides.html]
[script.viserlab.com/bookcom/products/categories/mathematics-study-guides.html]
[script.viserlab.com/bookcom/products/categories/science-study-guides.html]
[script.viserlab.com/bookcom/products/categories/social-studies-humanities.html]
[script.viserlab.com/bookcom/products/categories/languages-literature.html]
[script.viserlab.com/bookcom/products/categories/exam-test-preparation.html]
[script.viserlab.com/bookcom/products/categories/test-prep.html]
[script.viserlab.com/bookcom/products/categories/gre-gmat.html]
[script.viserlab.com/bookcom/products/categories/ielts-toefl.html]
[script.viserlab.com/bookcom/products/categories/research.html]
[script.viserlab.com/bookcom/products/categories/thesis-writing.html]
[script.viserlab.com/bookcom/products/categories/methodology.html]
[script.viserlab.com/bookcom/products/categories/religion-spirituality.html]
[script.viserlab.com/bookcom/products/categories/islam.html]
[script.viserlab.com/bookcom/products/categories/core-beliefs-theology.html]
[script.viserlab.com/bookcom/products/categories/quran-tafsir.html]
[script.viserlab.com/bookcom/products/categories/hadith-studies.html]
[script.viserlab.com/bookcom/products/categories/islamic-law-jurisprudence.html]
[script.viserlab.com/bookcom/products/categories/spirituality-ethics.html]
[script.viserlab.com/bookcom/products/categories/christianity.html]
[script.viserlab.com/bookcom/products/categories/bible-study.html]
[script.viserlab.com/bookcom/products/categories/theology.html]
[script.viserlab.com/bookcom/products/categories/saints-martyrs.html]
[script.viserlab.com/bookcom/products/categories/spirituality.html]
[script.viserlab.com/bookcom/products/categories/new-age.html]
[script.viserlab.com/bookcom/products/categories/chakra-energy.html]
[script.viserlab.com/bookcom/products/categories/mind-body-connection.html]
[script.viserlab.com/bookcom/products/categories/arts-literature.html]
[script.viserlab.com/bookcom/products/categories/poetry.html]
[script.viserlab.com/bookcom/products/categories/classical-poetry.html]
[script.viserlab.com/bookcom/products/categories/modern-poetry.html]
[script.viserlab.com/bookcom/products/categories/drama.html]
[script.viserlab.com/bookcom/products/categories/shakespeare.html]
[script.viserlab.com/bookcom/products/categories/modern-plays.html]
[script.viserlab.com/bookcom/products/categories/visual-arts.html]
[script.viserlab.com/bookcom/products/categories/photography.html]
[script.viserlab.com/bookcom/products/categories/painting.html]
[script.viserlab.com/bookcom/products/categories/literary-criticism.html]
[script.viserlab.com/bookcom/products/categories/feminist-theory.html]
[script.viserlab.com/bookcom/products/categories/postmodernism.html]
[script.viserlab.com/bookcom/products/categories/comics-graphic-novels.html]
[script.viserlab.com/bookcom/products/categories/manga.html]
[script.viserlab.com/bookcom/products/categories/shonen.html]
[script.viserlab.com/bookcom/products/categories/shojo.html]
[script.viserlab.com/bookcom/products/categories/seinen.html]
[script.viserlab.com/bookcom/products/categories/superhero.html]
[script.viserlab.com/bookcom/products/categories/marvel-universe.html]
[script.viserlab.com/bookcom/products/categories/dc-universe.html]
[script.viserlab.com/bookcom/products/categories/graphic-fiction.html]
[script.viserlab.com/bookcom/products/categories/indie-creator-owned.html]
[script.viserlab.com/bookcom/products/categories/adaptations-of-classics.html]
[script.viserlab.com/bookcom/products/categories/cooking-food.html]
[script.viserlab.com/bookcom/products/categories/cookbooks.html]
[script.viserlab.com/bookcom/products/categories/regional-cuisine.html]
[script.viserlab.com/bookcom/products/categories/italian.html]
[script.viserlab.com/bookcom/products/categories/indian.html]
[script.viserlab.com/bookcom/products/categories/middle-eastern.html]
[script.viserlab.com/bookcom/products/categories/special-diets.html]
[script.viserlab.com/bookcom/products/categories/vegan.html]
[script.viserlab.com/bookcom/products/categories/gluten-free.html]
[script.viserlab.com/bookcom/products/categories/baking.html]
[script.viserlab.com/bookcom/products/categories/bread.html]
[script.viserlab.com/bookcom/products/categories/pastries.html]
[script.viserlab.com/bookcom/products/categories/food-memoirs.html]
[script.viserlab.com/bookcom/products/categories/culinary-travels.html]
[script.viserlab.com/bookcom/products/categories/chef-stories.html]
[script.viserlab.com/bookcom/products/categories/travel.html]
[script.viserlab.com/bookcom/products/categories/travel-guides.html]
[script.viserlab.com/bookcom/products/categories/regional-guides.html]
[script.viserlab.com/bookcom/products/categories/europe.html]
[script.viserlab.com/bookcom/products/categories/asia.html]
[script.viserlab.com/bookcom/products/categories/africa.html]
[script.viserlab.com/bookcom/products/categories/city-destination-guides.html]
[script.viserlab.com/bookcom/products/categories/popular-cities.html]
[script.viserlab.com/bookcom/products/categories/small-towns-hidden-gems.html]
[script.viserlab.com/bookcom/products/categories/tourist-attractions.html]
[script.viserlab.com/bookcom/products/categories/thematic-travel-guides.html]
[script.viserlab.com/bookcom/products/categories/adventure-travel-guides.html]
[script.viserlab.com/bookcom/products/categories/food-culinary-travel-guides.html]
[script.viserlab.com/bookcom/products/categories/cultural-travel-guides.html]
[script.viserlab.com/bookcom/products/categories/luxury-travel-guides.html]
[script.viserlab.com/bookcom/products/categories/adventure-travel.html]
[script.viserlab.com/bookcom/products/categories/hiking-trekking.html]
[script.viserlab.com/bookcom/products/categories/mountains-peaks.html]
[script.viserlab.com/bookcom/products/categories/forests-nature-trails.html]
[script.viserlab.com/bookcom/products/categories/desert-safari-treks.html]
[script.viserlab.com/bookcom/products/categories/backpacking.html]
[script.viserlab.com/bookcom/products/categories/budget-travel-tips.html]
[script.viserlab.com/bookcom/products/categories/hostel-campsite-guides.html]
[script.viserlab.com/bookcom/products/categories/long-term-travel-stories.html]
[script.viserlab.com/bookcom/products/categories/extreme-sports-travel.html]
[script.viserlab.com/bookcom/products/categories/skiing-snowboarding.html]
[script.viserlab.com/bookcom/products/categories/rock-climbing-mountaineering.html]
[script.viserlab.com/bookcom/products/categories/surfing-water-sports.html]
[script.viserlab.com/bookcom/products/categories/cultural-travel.html]
[script.viserlab.com/bookcom/products/categories/heritage-sites.html]
[script.viserlab.com/bookcom/products/categories/unesco-world-heritage-sites.html]
[script.viserlab.com/bookcom/products/categories/archaeological-tours.html]
[script.viserlab.com/bookcom/products/categories/museums-art-galleries.html]
[script.viserlab.com/bookcom/products/categories/history-museums.html]
[script.viserlab.com/bookcom/products/categories/art-culture-exhibits.html]
[script.viserlab.com/bookcom/products/categories/science-technology-museums.html]
[script.viserlab.com/bookcom/products/categories/reference.html]
[script.viserlab.com/bookcom/products/categories/dictionaries.html]
[script.viserlab.com/bookcom/products/categories/general-dictionaries.html]
[script.viserlab.com/bookcom/products/categories/english-dictionary.html]
[script.viserlab.com/bookcom/products/categories/bilingual-dictionaries.html]
[script.viserlab.com/bookcom/products/categories/multilingual-dictionaries.html]
[script.viserlab.com/bookcom/products/categories/specialized-dictionaries.html]
[script.viserlab.com/bookcom/products/categories/medical-health.html]
[script.viserlab.com/bookcom/products/categories/legal-law.html]
[script.viserlab.com/bookcom/products/categories/thesauruses.html]
[script.viserlab.com/bookcom/products/categories/general-thesauruses.html]
[script.viserlab.com/bookcom/products/categories/english-thesaurus.html]
[script.viserlab.com/bookcom/products/categories/bilingual-thesaurus.html]
[script.viserlab.com/bookcom/products/categories/specialized-thesauruses.html]
[script.viserlab.com/bookcom/products/categories/synonyms-antonyms.html]
[script.viserlab.com/bookcom/products/categories/idioms-phrases.html]
[script.viserlab.com/bookcom/products/categories/academic-vocabulary.html]
[script.viserlab.com/bookcom/products/categories/technical-terms.html]
[script.viserlab.com/bookcom/products/categories/encyclopedias.html]
[script.viserlab.com/bookcom/products/categories/general-encyclopedias.html]
[script.viserlab.com/bookcom/products/categories/world-knowledge.html]
[script.viserlab.com/bookcom/products/categories/academic-knowledge.html]
[script.viserlab.com/bookcom/products/categories/subject-specific-encyclopedias.html]
[script.viserlab.com/bookcom/products/categories/science-technology-enc.html]
[script.viserlab.com/bookcom/products/categories/history-civilization.html]
[script.viserlab.com/bookcom/products/categories/geography-travel.html]
[script.viserlab.com/bookcom/products/categories/geography-travel-enc.html]
[script.viserlab.com/bookcom/products/categories/digital-multimedia-encyclopedias.html]
[script.viserlab.com/bookcom/products/categories/online-cd-rom-editions.html]
[script.viserlab.com/bookcom/products/categories/multimedia-interactive-guides.html]
[script.viserlab.com/bookcom/products/categories/manuals.html]
[script.viserlab.com/bookcom/products/categories/diy-guides.html]
[script.viserlab.com/bookcom/products/categories/technical-manuals.html]
[script.viserlab.com/bookcom/products/categories/creative-hobbies.html]
[script.viserlab.com/bookcom/products/categories/arts-crafts.html]
[script.viserlab.com/bookcom/products/categories/painting-hobbies.html]
[script.viserlab.com/bookcom/products/categories/drawing.html]
[script.viserlab.com/bookcom/products/categories/sculpture.html]
[script.viserlab.com/bookcom/products/categories/photography-hobbies.html]
[script.viserlab.com/bookcom/products/categories/digital-photography.html]
[script.viserlab.com/bookcom/products/categories/film-photography.html]
[script.viserlab.com/bookcom/products/categories/editing-post-processing.html]
[script.viserlab.com/bookcom/products/categories/music-performing-arts.html]
[script.viserlab.com/bookcom/products/categories/musical-instruments.html]
[script.viserlab.com/bookcom/products/categories/music-theory-composition.html]
[script.viserlab.com/bookcom/products/categories/singing-vocal-training.html]
[script.viserlab.com/bookcom/products/categories/dance-choreography.html]
[script.viserlab.com/bookcom/products/categories/writing-literature.html]
[script.viserlab.com/bookcom/products/categories/creative-writing.html]
[script.viserlab.com/bookcom/products/categories/journaling-personal-essays.html]
[script.viserlab.com/bookcom/products/categories/screenwriting-playwriting.html]
[script.viserlab.com/bookcom/products/categories/self-improvement-lifestyle.html]
[script.viserlab.com/bookcom/products/categories/personal-development.html]
[script.viserlab.com/bookcom/products/categories/goal-setting-achievement.html]
[script.viserlab.com/bookcom/products/categories/time-management.html]
[script.viserlab.com/bookcom/products/categories/productivity-efficiency.html]
[script.viserlab.com/bookcom/products/categories/habits-routines.html]
[script.viserlab.com/bookcom/products/categories/motivation-inspiration.html]
[script.viserlab.com/bookcom/products/categories/mental-emotional-wellbeing.html]
[script.viserlab.com/bookcom/products/categories/emotional-intelligence.html]
[script.viserlab.com/bookcom/products/categories/stress-management.html]
[script.viserlab.com/bookcom/products/categories/confidence-self-esteem.html]
[script.viserlab.com/bookcom/products/categories/career-professional-growth.html]
[script.viserlab.com/bookcom/products/categories/leadership-management.html]
[script.viserlab.com/bookcom/products/categories/communication-skills.html]
[script.viserlab.com/bookcom/products/categories/negotiation-persuasion.html]
[script.viserlab.com/bookcom/products/categories/networking-relationship-building.html]
[script.viserlab.com/bookcom/products/categories/health-lifestyle.html]
[script.viserlab.com/bookcom/products/categories/fitness-exercise.html]
[script.viserlab.com/bookcom/products/categories/nutrition-healthy-living.html]
[script.viserlab.com/bookcom/products/categories/sleep-recovery.html]
[script.viserlab.com/bookcom/products/categories/work-life-balance.html]
[script.viserlab.com/bookcom/products/categories/financial-wealth-building.html]
[script.viserlab.com/bookcom/products/categories/personal-finance-budgeting.html]
[script.viserlab.com/bookcom/products/categories/investing-stock-market.html]
[script.viserlab.com/bookcom/products/categories/saving-wealth-management.html]
[script.viserlab.com/bookcom/products/categories/passive-income-side-hustles.html]
[script.viserlab.com/bookcom/products/categories/financial-mindset.html]
[script.viserlab.com/bookcom/products/categories/philosophy.html]
[script.viserlab.com/bookcom/products/categories/branches-of-philosophy.html]
[script.viserlab.com/bookcom/products/categories/metaphysics.html]
[script.viserlab.com/bookcom/products/categories/ethics-morality.html]
[script.viserlab.com/bookcom/products/categories/logic-critical-thinking.html]
[script.viserlab.com/bookcom/products/categories/political-social-philosophy.html]
[script.viserlab.com/bookcom/products/categories/philosophical-traditions.html]
[script.viserlab.com/bookcom/products/categories/western-philosophy.html]
[script.viserlab.com/bookcom/products/categories/eastern-philosophy.html]
[script.viserlab.com/bookcom/products/categories/islamic-philosophy.html]
[script.viserlab.com/bookcom/products/categories/specialized-philosophy-topics.html]
[script.viserlab.com/bookcom/products/categories/philosophy-of-mind.html]
[script.viserlab.com/bookcom/products/categories/philosophy-of-science.html]
[script.viserlab.com/bookcom/products/categories/philosophy-of-religion.html]
[script.viserlab.com/bookcom/products/categories/existentialism-phenomenology.html]
[script.viserlab.com/bookcom/products/categories/practical-philosophy.html]
[script.viserlab.com/bookcom/products/categories/mindfulness-life-philosophy.html]
[script.viserlab.com/bookcom/products/categories/moral-decision-making.html]
[script.viserlab.com/bookcom/products/categories/philosophy-for-everyday-life.html]
[script.viserlab.com/bookcom/products/categories/technology.html]
[script.viserlab.com/bookcom/products/categories/information-technology-it.html]
[script.viserlab.com/bookcom/products/categories/computer-science-it.html]
[script.viserlab.com/bookcom/products/categories/software-applications.html]
[script.viserlab.com/bookcom/products/categories/data-science-big-data.html]
[script.viserlab.com/bookcom/products/categories/electronics-hardware.html]
[script.viserlab.com/bookcom/products/categories/microcontrollers-arduino.html]
[script.viserlab.com/bookcom/products/categories/raspberry-pi-diy-projects.html]
[script.viserlab.com/bookcom/products/categories/robotics-automation.html]
[script.viserlab.com/bookcom/products/categories/embedded-systems.html]
[script.viserlab.com/bookcom/products/categories/iot-internet-of-things.html]
[script.viserlab.com/bookcom/products/categories/networking-telecommunications.html]
[script.viserlab.com/bookcom/products/categories/computer-networks.html]
[script.viserlab.com/bookcom/products/categories/wireless-communication.html]
[script.viserlab.com/bookcom/products/categories/network-administration-tools.html]
[script.viserlab.com/bookcom/products/categories/emerging-technologies.html]
[script.viserlab.com/bookcom/products/categories/artificial-intelligence-deep-learning.html]
[script.viserlab.com/bookcom/products/categories/blockchain-cryptocurrencies.html]
[script.viserlab.com/bookcom/products/categories/augmented-reality-ar-virtual-reality-vr.html]
[script.viserlab.com/bookcom/products/categories/quantum-computing.html]
[script.viserlab.com/bookcom/products/categories/nanotechnology.html]
[script.viserlab.com/bookcom/products/categories/technology-society.html]
[script.viserlab.com/bookcom/products/categories/ethical-social-implications-of-technolog.html]
[script.viserlab.com/bookcom/products/categories/technology-in-education.html]
[script.viserlab.com/bookcom/products/categories/technology-in-business-industry.html]
[script.viserlab.com/bookcom/products/categories/future-of-work-automation.html]
[script.viserlab.com/bookcom/products/categories/supernatural.html]
[script.viserlab.com/bookcom/products/categories/paranormal-occult.html]
[script.viserlab.com/bookcom/products/categories/ghosts-hauntings.html]
[script.viserlab.com/bookcom/products/categories/spirits-entities.html]
[script.viserlab.com/bookcom/products/categories/witchcraft-magic.html]
[script.viserlab.com/bookcom/products/categories/mythology-folklore.html]
[script.viserlab.com/bookcom/products/categories/ancient-mythology.html]
[script.viserlab.com/bookcom/products/categories/folklore-legends.html]
[script.viserlab.com/bookcom/products/categories/supernatural-fiction.html]
[script.viserlab.com/bookcom/products/categories/horror-thriller.html]
[script.viserlab.com/bookcom/products/categories/fantasy-dark-fantasy.html]
[script.viserlab.com/bookcom/products/categories/psychic-extrasensory-abilities.html]
[script.viserlab.com/bookcom/products/categories/clairvoyance-prophecy.html]
[script.viserlab.com/bookcom/products/categories/telepathy-mind-powers.html]
[script.viserlab.com/bookcom/products/categories/mediumship-channeling.html]
[script.viserlab.com/bookcom/products/categories/business-finance-books.html]
[script.viserlab.com/bookcom/products/categories/business-management.html]
[script.viserlab.com/bookcom/products/categories/leadership-strategy.html]
[script.viserlab.com/bookcom/products/categories/entrepreneurship-startups.html]
[script.viserlab.com/bookcom/products/categories/operations-project-management.html]
[script.viserlab.com/bookcom/products/categories/marketing-sales.html]
[script.viserlab.com/bookcom/products/categories/finance-investment.html]
[script.viserlab.com/bookcom/products/categories/personal-finance-bf.html]
[script.viserlab.com/bookcom/products/categories/investing.html]
[script.viserlab.com/bookcom/products/categories/corporate-finance.html]
[script.viserlab.com/bookcom/products/categories/economics-policy.html]
[script.viserlab.com/bookcom/products/categories/microeconomics-macroeconomics.html]
[script.viserlab.com/bookcom/products/categories/behavioral-economics.html]
[script.viserlab.com/bookcom/products/categories/economic-policy-global-markets.html]
[script.viserlab.com/bookcom/products/categories/development-economics.html]
[script.viserlab.com/bookcom/products/categories/business-skills-personal-growth.html]
[script.viserlab.com/bookcom/products/categories/communication-presentation-skills.html]
[script.viserlab.com/bookcom/products/categories/time-management-productivity.html]
[script.viserlab.com/bookcom/shopping-cart.html]
[script.viserlab.com/bookcom/assets/images/empty_cart.png]
[script.viserlab.com/bookcom/products/offers/1.html]
[script.viserlab.com/bookcom/assets/images/frontend/banner/68f9d4734fda01761203315.png]
[script.viserlab.com/bookcom/products/offers/2.html]
[script.viserlab.com/bookcom/assets/images/frontend/banner/68f9d46d6e6471761203309.png]
[script.viserlab.com/bookcom/products/offers/3.html]
[script.viserlab.com/bookcom/assets/images/frontend/banner/68f9d46629c7f1761203302.png]
[script.viserlab.com/bookcom/products/atlas-of-the-world-22.html]
[script.viserlab.com/bookcom/assets/images/product/687f96db63d061753192155.jpg]
[script.viserlab.com/bookcom/products2979.html]
[script.viserlab.com/bookcom/products/camera-lucida-reflections-on-photography-12.html]
[script.viserlab.com/bookcom/assets/images/product/687f871bb557c1753188123.jpg]
[script.viserlab.com/bookcom/products663d.html]
[script.viserlab.com/bookcom/products/salt-fat-acid-heat-13.html]
[script.viserlab.com/bookcom/assets/images/product/687f881a91a031753188378.jpg]
[script.viserlab.com/bookcom/products/shadow-of-the-silk-road-by-colin-thubron-20.html]
[script.viserlab.com/bookcom/assets/images/product/687f93acaf1761753191340.jpg]
[script.viserlab.com/bookcom/products95cf.html]
[script.viserlab.com/bookcom/products/encyclopedia-britannica-21.html]
[script.viserlab.com/bookcom/assets/images/product/687f960b032bc1753191947.jpg]
[script.viserlab.com/bookcom/productsd448.html]
[script.viserlab.com/bookcom/products/the-wild-places-19.html]
[script.viserlab.com/bookcom/assets/images/product/687f92b6a1a681753191094.jpg]
[script.viserlab.com/bookcom/products/wild-from-lost-to-found-on-the-pacific-crest-trail-18.html]
[script.viserlab.com/bookcom/assets/images/product/687f91e9b575c1753190889.jpg]
[script.viserlab.com/bookcom/products/beyond-the-ocean-door-24.html]
[script.viserlab.com/bookcom/assets/images/product/68c263bd3b8521757569981.png]
[script.viserlab.com/bookcom/products5b3f.html]
[script.viserlab.com/bookcom/products/the-oxford-english-dictionary-23.html]
[script.viserlab.com/bookcom/assets/images/product/68bd2d911ee971757228433.jpg]
[script.viserlab.com/bookcom/products600c.html]
[script.viserlab.com/bookcom/assets/images/category/68f8b7961a5171761130390.png]
[script.viserlab.com/bookcom/assets/images/category/68f8ac1ad720c1761127450.png]
[script.viserlab.com/bookcom/assets/images/category/68f8ac0bea17d1761127435.png]
[script.viserlab.com/bookcom/assets/images/category/68f8b7750291d1761130357.png]
[script.viserlab.com/bookcom/assets/images/category/68f8b77c0a6ca1761130364.png]
[script.viserlab.com/bookcom/assets/images/category/68f8b7c40b97e1761130436.png]
[script.viserlab.com/bookcom/assets/images/category/68f8b7a2028611761130402.png]
[script.viserlab.com/bookcom/assets/images/category/68f8b78381a8a1761130371.png]
[script.viserlab.com/bookcom/assets/templates/basic/images/cta-section-bg.png]
[script.viserlab.com/bookcom/assets/images/frontend/cta/68f8b7420a8d41761130306.png]
[script.viserlab.com/bookcom/products/all-the-light-we-cannot-see-by-anthony-doerr-1.html]
[script.viserlab.com/bookcom/assets/images/product/687f76e059b481753183968.jpg]
[script.viserlab.com/bookcom/productsbb62.html]
[script.viserlab.com/bookcom/products/the-pillars-of-the-earth-2.html]
[script.viserlab.com/bookcom/assets/images/product/687f7936a366d1753184566.jpg]
[script.viserlab.com/bookcom/products173d.html]
[script.viserlab.com/bookcom/products/the-nightingale-3.html]
[script.viserlab.com/bookcom/assets/images/product/687f7cfc9885b1753185532.jpg]
[script.viserlab.com/bookcom/products6c38.html]
[script.viserlab.com/bookcom/products/the-talented-mr-ripley-4.html]
[script.viserlab.com/bookcom/assets/images/product/687f7e40881441753185856.jpg]
[script.viserlab.com/bookcom/products/becoming-by-michelle-obama-5.html]
[script.viserlab.com/bookcom/assets/images/product/687f7f7723dba1753186167.jpg]
[script.viserlab.com/bookcom/products/atomic-habits-7.html]
[script.viserlab.com/bookcom/assets/images/product/687f813b1a3af1753186619.jpg]
[script.viserlab.com/bookcom/products/the-subtle-art-of-not-giving-a-fck-8.html]
[script.viserlab.com/bookcom/assets/images/product/687f821cd823b1753186844.jpg]
[script.viserlab.com/bookcom/products/a-streetcar-named-desire-10.html]
[script.viserlab.com/bookcom/assets/images/product/687f84c070aea1753187520.jpg]
[script.viserlab.com/bookcom/products/the-great-railway-bazaar-17.html]
[script.viserlab.com/bookcom/assets/images/product/687f9155e30681753190741.jpg]
[script.viserlab.com/bookcom/assets/images/offer_banner/688083719955a1753252721.png]
[script.viserlab.com/bookcom/assets/images/offer_banner/68808452211ef1753252946.png]
[script.viserlab.com/bookcom/assets/images/offer_banner/688084764477a1753252982.png]
[script.viserlab.com/bookcom/products/publishers.html]
[script.viserlab.com/bookcom/products/publishers/the-bookstory.html]
[script.viserlab.com/bookcom/assets/images/publisher/cover/68f9d61e563561761203742.png]
[script.viserlab.com/bookcom/assets/images/publisher/profile/68f9b55539ccd1761195349.png]
[script.viserlab.com/bookcom/products/publishers/bluequill.html]
[script.viserlab.com/bookcom/assets/images/publisher/cover/68f9d5823620d1761203586.png]
[script.viserlab.com/bookcom/assets/images/publisher/profile/68f9b4e9917e21761195241.png]
[script.viserlab.com/bookcom/products/publishers/echoprint.html]
[script.viserlab.com/bookcom/assets/images/publisher/cover/68f9d69e05baa1761203870.png]
[script.viserlab.com/bookcom/assets/images/publisher/profile/68f9b56d425db1761195373.png]
[script.viserlab.com/bookcom/products/publishers/inknext.html]
[script.viserlab.com/bookcom/assets/images/publisher/cover/68f9d6a84f3061761203880.png]
[script.viserlab.com/bookcom/assets/images/publisher/profile/68f9b5c9af2c11761195465.png]
[script.viserlab.com/bookcom/products/publishers/pagecraft.html]
[script.viserlab.com/bookcom/assets/images/publisher/cover/68f9d6af878901761203887.png]
[script.viserlab.com/bookcom/assets/images/publisher/profile/68f9b5e071ad41761195488.png]
[script.viserlab.com/bookcom/products/publishers/goldenpage.html]
[script.viserlab.com/bookcom/assets/images/publisher/cover/68f9d8b28f53c1761204402.png]
[script.viserlab.com/bookcom/assets/images/publisher/profile/68f9b583c80ee1761195395.png]
[script.viserlab.com/bookcom/products/publishers/readable.html]
[script.viserlab.com/bookcom/assets/images/publisher/cover/68f9d8ce342511761204430.png]
[script.viserlab.com/bookcom/assets/images/publisher/profile/68f9d8ce2df7a1761204430.png]
[script.viserlab.com/bookcom/products/publishers/blue-book.html]
[script.viserlab.com/bookcom/assets/images/publisher/cover/68f9d8e0eb6f11761204448.png]
[script.viserlab.com/bookcom/assets/images/publisher/profile/68f9d8e0e5a571761204448.png]
[script.viserlab.com/bookcom/products/publishers/book-story.html]
[script.viserlab.com/bookcom/assets/images/publisher/cover/68f9d5f8097341761203704.png]
[script.viserlab.com/bookcom/assets/images/publisher/profile/68f9b502e07dd1761195266.png]
[script.viserlab.com/bookcom/products/publishers/storyloom.html]
[script.viserlab.com/bookcom/assets/images/publisher/cover/68f9d6d40463f1761203924.png]
[script.viserlab.com/bookcom/assets/images/publisher/profile/68f9b6192ed1b1761195545.png]
[script.viserlab.com/bookcom/authors.html]
[script.viserlab.com/bookcom/assets/images/author/profile/68bd76ed5c12a1757247213.png]
[script.viserlab.com/bookcom/assets/images/author/profile/68bd772429ef31757247268.png]
[script.viserlab.com/bookcom/assets/images/author/profile/68bd76f70e4a41757247223.png]
[script.viserlab.com/bookcom/assets/images/author/profile/68bd76f1a380b1757247217.png]
[script.viserlab.com/bookcom/assets/images/author/profile/68bd7702a0f231757247234.png]
[script.viserlab.com/bookcom/assets/images/author/profile/68bd774292dc11757247298.png]
[script.viserlab.com/bookcom/assets/images/author/profile/68bd76be7f9351757247166.png]
[script.viserlab.com/bookcom/products0f17.html]
[script.viserlab.com/bookcom/assets/images/author/profile/68bd76b9226691757247161.png]
[script.viserlab.com/bookcom/assets/images/author/profile/68bd76b32a40c1757247155.png]
[script.viserlab.com/bookcom/products4532.html]
[script.viserlab.com/bookcom/assets/images/author/profile/68bd769c983aa1757247132.png]
[script.viserlab.com/bookcom/assets/images/frontend/testimonial/68f768b67bb801761044662.png]
[script.viserlab.com/bookcom/assets/images/frontend/testimonial/68f768af049811761044655.png]
[script.viserlab.com/bookcom/assets/images/frontend/testimonial/68f768800c23f1761044608.png]
[script.viserlab.com/bookcom/assets/images/frontend/testimonial/68f768784e1081761044600.png]
[script.viserlab.com/bookcom/assets/images/frontend/testimonial/68f7686fec4071761044591.png]
[script.viserlab.com/bookcom/assets/images/frontend/testimonial/68f76869260291761044585.png]
[script.viserlab.com/bookcom/blog/how-to-choose-the-perfect-book-for-any-occasion.html]
[script.viserlab.com/bookcom/assets/images/frontend/blog/thumb_68c52caf3268b1757752495.png]
[script.viserlab.com/bookcom/blog/top-trending-fiction-books-that-readers-love-this-year.html]
[script.viserlab.com/bookcom/assets/images/frontend/blog/thumb_68c52cb78eaee1757752503.png]
[script.viserlab.com/bookcom/blog/essential-guide-to-building-your-personal-home-book-library.html]
[script.viserlab.com/bookcom/assets/images/frontend/blog/thumb_68c52cbf8c07e1757752511.png]
[script.viserlab.com/bookcom/assets/images/frontend/subscribe/68f72997b8b8a1761028503.png]
[script.viserlab.com/bookcom/cookie-policy.html]
[script.viserlab.com/bookcom/assets/images/frontend/footer_content/68f7837c6007d1761051516.png]
[script.viserlab.com/bookcom/assets/images/frontend/footer_content/68f78342641441761051458.png]
[script.viserlab.com/bookcom/assets/images/frontend/footer_content/68f7833ae487f1761051450.png]
[script.viserlab.com/bookcom/assets/images/frontend/footer_content/68f783158adc41761051413.png]
[script.viserlab.com/bookcom/assets/images/logo_icon/logode01.png]
[script.viserlab.com/bookcom/user/register.html]
[script.viserlab.com/bookcom/policy/privacy-policy.html]
[script.viserlab.com/bookcom/policy/terms-of-service.html]
[script.viserlab.com/bookcom/policy/return-policy.html]
[script.viserlab.com/bookcom/assets/images/frontend/footer_content/68f8f1f6c42d81761145334.png]
[script.viserlab.com/cdn-cgi/scripts/5c5dd728/cloudflare-static/email-decode.min.js]
[script.viserlab.com/bookcom/assets/global/js/jquery-3.7.1.min.js]
[script.viserlab.com/bookcom/assets/global/js/bootstrap.bundle.min.js]
[script.viserlab.com/bookcom/assets/global/js/pubsub.min.js]
[script.viserlab.com/bookcom/assets/global/js/select2.min.js]
[script.viserlab.com/bookcom/assets/templates/basic/js/slick.min.js]
[script.viserlab.com/bookcom/assets/templates/basic/js/fileupload.js]
[script.viserlab.com/bookcom/assets/templates/basic/js/mainf56f.js]
[script.viserlab.com/bookcom/assets/global/css/iziToast.min.css]
[script.viserlab.com/bookcom/assets/global/css/iziToast_custom.css]
[script.viserlab.com/bookcom/assets/global/js/iziToast.min.js]
[script.viserlab.com/bookcom/index.html]
[script.viserlab.com/bookcom/assets/global/css/bootstrap.min.css]
[script.viserlab.com/bookcom/cookie/accept.html]
[script.viserlab.com/bookcom/assets/global/webfonts/fa-brands-400.woff2]
[script.viserlab.com/bookcom/assets/global/webfonts/fa-brands-400.ttf]
[script.viserlab.com/bookcom/assets/global/webfonts/fa-regular-400.woff2]
[script.viserlab.com/bookcom/assets/global/webfonts/fa-regular-400.ttf]
[script.viserlab.com/bookcom/assets/global/webfonts/fa-solid-900.woff2]
[script.viserlab.com/bookcom/assets/global/webfonts/fa-solid-900.ttf]
[script.viserlab.com/bookcom/assets/global/webfonts/fa-v4compatibility.woff2]
[script.viserlab.com/bookcom/assets/global/css/all.min.css]
[script.viserlab.com/bookcom/assets/global/webfonts/fa-v4compatibility.ttf]
[script.viserlab.com/bookcom/assets/global/fonts/la-brands-400.eot]
[script.viserlab.com/bookcom/assets/global/fonts/la-brands-400d41d.eot]
[script.viserlab.com/bookcom/assets/global/fonts/la-brands-400.woff2]
[script.viserlab.com/bookcom/assets/global/fonts/la-brands-400.woff]
[script.viserlab.com/bookcom/assets/global/fonts/la-brands-400.ttf]
[script.viserlab.com/bookcom/assets/global/fonts/la-brands-400.svg]
[script.viserlab.com/bookcom/assets/global/fonts/la-regular-400.eot]
[script.viserlab.com/bookcom/assets/global/fonts/la-regular-400d41d.eot]
[script.viserlab.com/bookcom/assets/global/fonts/la-regular-400.woff2]
[script.viserlab.com/bookcom/assets/global/fonts/la-regular-400.woff]
[script.viserlab.com/bookcom/assets/global/fonts/la-regular-400.ttf]
[script.viserlab.com/bookcom/assets/global/fonts/la-regular-400.svg]
[script.viserlab.com/bookcom/assets/global/fonts/la-solid-900.eot]
[script.viserlab.com/bookcom/assets/global/fonts/la-solid-900d41d.eot]
[script.viserlab.com/bookcom/assets/global/fonts/la-solid-900.woff2]
[script.viserlab.com/bookcom/assets/global/fonts/la-solid-900.woff]
[script.viserlab.com/bookcom/assets/global/fonts/la-solid-900.ttf]
[script.viserlab.com/bookcom/assets/global/css/line-awesome.min.css]
[script.viserlab.com/bookcom/assets/global/css/select2.min.css]
[script.viserlab.com/bookcom/assets/templates/basic/css/slick.css]
[script.viserlab.com/bookcom/assets/templates/basic/css/fileupload.css]
[script.viserlab.com/bookcom/assets/templates/basic/images/thumbs/account-bg.png]
[script.viserlab.com/bookcom/assets/global/fonts/la-solid-900.svg]
[script.viserlab.com/bookcom/assets/templates/basic/images/thumbs/account-thumb.png]
[script.viserlab.com/bookcom/assets/templates/basic/css/mainf56f.css]
[script.viserlab.com/bookcom/assets/templates/basic/css/customf56f.css]
[script.viserlab.com/bookcom/assets/templates/basic/css/color5a6f.css]
[script.viserlab.com/bookcom/track-order.html]
[script.viserlab.com/bookcom/products/publishers/scriptaura.html]
[script.viserlab.com/bookcom/products/publishers/bookstore.html]
[script.viserlab.com/bookcom/products/essentials-of-classic-italian-cooking-16.html]
[script.viserlab.com/bookcom/assets/images/product/687f90c9e364c1753190601.jpg]
[script.viserlab.com/bookcom/products/jerusalem-a-cookbook-15.html]
[script.viserlab.com/bookcom/assets/images/product/687f903a2bf031753190458.jpg]
[script.viserlab.com/bookcom/products/the-food-of-sichuan-14.html]
[script.viserlab.com/bookcom/assets/images/product/687f8a38898031753188920.jpg]
[script.viserlab.com/bookcom/products4658.html]
[script.viserlab.com/bookcom/products.html]
[script.viserlab.com/bookcom/assets/templates/basic/js/jquery-ui.min.js]
[script.viserlab.com/bookcom/blog/from-bestseller-to-hidden-gem-discover-your-next-great-read.html]
[script.viserlab.com/bookcom/assets/images/frontend/blog/thumb_68f788589a7591761052760.png]
[script.viserlab.com/bookcom/blog/10-must-read-books-every-avid-reader-should-own-today.html]
[script.viserlab.com/bookcom/assets/images/frontend/blog/thumb_68c52ce6872641757752550.png]
[script.viserlab.com/bookcom/blog/step-by-step-guide-to-finding-rare-books-online-easily.html]
[script.viserlab.com/bookcom/assets/images/frontend/blog/thumb_68c52cdfb5bf81757752543.png]
[script.viserlab.com/bookcom/blog/bestselling-childrens-books-parents-trust-and-kids-adore.html]
[script.viserlab.com/bookcom/assets/images/frontend/blog/thumb_68c52cd7b20021757752535.png]
[script.viserlab.com/bookcom/blog/the-ultimate-book-lovers-gift-guide-for-every-season.html]
[script.viserlab.com/bookcom/assets/images/frontend/blog/thumb_68c52ccfd148a1757752527.png]
[script.viserlab.com/bookcom/blog/discover-new-authors-and-hidden-gems-in-online-bookstores.html]
[script.viserlab.com/bookcom/assets/images/frontend/blog/thumb_68c52cc851f4e1757752520.png]
[script.viserlab.com/bookcom/blogs.html]
[www.google.com/recaptcha/api.js]
[script.viserlab.com/bookcom/contact.html]
[script.viserlab.com/bookcom/wishlist.html]
[script.viserlab.com/bookcom/assets/images/frontend/login_page/68fa1bcf004db1761221583.png]
[script.viserlab.com/bookcom/user/password/reset.html]
[script.viserlab.com/bookcom/user/login.html]
[script.viserlab.com/bookcom/products/categories.html]
[script.viserlab.com/bookcom/products/milk-and-honey-9.html]
[script.viserlab.com/bookcom/assets/images/product/687f8371862401753187185.jpg]
[script.viserlab.com/bookcom/products/categories/fiction.html]
[script.viserlab.com/bookcom/products/categories/historical-fiction.html]
[script.viserlab.com/bookcom/products/invisible-man-11.html]
[script.viserlab.com/bookcom/assets/images/product/687f8613cd0da1753187859.jpg]
[script.viserlab.com/bookcom/products/categories/ancient-civilizations.html]
[script.viserlab.com/bookcom/products/categories/medieval-europe.html]
[script.viserlab.com/bookcom/products/categories/world-wars.html]
[script.viserlab.com/bookcom/products/educated-6.html]
[script.viserlab.com/bookcom/assets/images/product/687f804d4e0921753186381.jpg]
[script.viserlab.com/bookcom/products/categories/mystery-thriller.html]
[script.viserlab.com/bookcom/products/categories/detective.html]
[script.viserlab.com/bookcom/products/categories/british-detective.html]
[script.viserlab.com/bookcom/products/categories/hard-boiled-detective.html]
[script.viserlab.com/bookcom/products/categories/psychological-thriller.html]
[script.viserlab.com/bookcom/products/categories/domestic-thriller.html]
[script.viserlab.com/bookcom/products/categories/medical-thriller.html]
[script.viserlab.com/bookcom/products/categories/crime-legal.html]
[script.viserlab.com/bookcom/products/categories/legal-drama.html]
[script.viserlab.com/bookcom/products/categories/organized-crime.html]
[script.viserlab.com/bookcom/products/categories/science-fiction.html]
[script.viserlab.com/bookcom/products/categories/space-opera.html]
[script.viserlab.com/bookcom/products/categories/time-travel.html]
[script.viserlab.com/bookcom/products/categories/cyberpunk.html]
[script.viserlab.com/bookcom/products/categories/dystopian-tech.html]
[script.viserlab.com/bookcom/products/categories/ai-takeover.html]
[script.viserlab.com/bookcom/products/categories/alien-invasion.html]
[script.viserlab.com/bookcom/products/categories/fantasy.html]
[script.viserlab.com/bookcom/products/categories/epic-fantasy.html]
[script.viserlab.com/bookcom/products/categories/high-magic.html]
[script.viserlab.com/bookcom/products/categories/questadventure.html]
[script.viserlab.com/bookcom/products/categories/urban-fantasy.html]
[script.viserlab.com/bookcom/products/categories/supernatural-in-modern-world.html]
[script.viserlab.com/bookcom/products/categories/hidden-magic-realms.html]
[script.viserlab.com/bookcom/products/categories/dark-fantasy.html]
[script.viserlab.com/bookcom/products/categories/horror-infused-fantasy.html]
[script.viserlab.com/bookcom/products/categories/anti-heroes.html]
[script.viserlab.com/bookcom/products/categories/romance.html]
[script.viserlab.com/bookcom/products/categories/contemporary.html]
[script.viserlab.com/bookcom/products/categories/billionaire-romance.html]
[script.viserlab.com/bookcom/products/categories/enemies-to-lovers.html]
[script.viserlab.com/bookcom/products/categories/historical-romance.html]
[script.viserlab.com/bookcom/products/categories/regency-romance.html]
[script.viserlab.com/bookcom/products/categories/medieval-romance.html]
[script.viserlab.com/bookcom/products/categories/paranormal-romance.html]
[script.viserlab.com/bookcom/products/categories/vampire-romance.html]
[script.viserlab.com/bookcom/products/categories/shifter-romance.html]
[script.viserlab.com/bookcom/products/categories/non-fiction.html]
[script.viserlab.com/bookcom/products/categories/biographies-memoirs.html]
[script.viserlab.com/bookcom/products/categories/political-leaders.html]
[script.viserlab.com/bookcom/products/categories/explorers-adventurers.html]
[script.viserlab.com/bookcom/products/categories/celebrity-memoirs.html]
[script.viserlab.com/bookcom/products/categories/self-help.html]
[script.viserlab.com/bookcom/products/categories/mindfulness-meditation.html]
[script.viserlab.com/bookcom/products/categories/productivity.html]
[script.viserlab.com/bookcom/products/categories/relationship-advice.html]
[script.viserlab.com/bookcom/products/categories/business-finance.html]
[script.viserlab.com/bookcom/products/categories/personal-finance.html]
[script.viserlab.com/bookcom/products/categories/startups-entrepreneurship.html]
[script.viserlab.com/bookcom/products/categories/economics.html]
[script.viserlab.com/bookcom/products/categories/science-technology.html]
[script.viserlab.com/bookcom/products/categories/physics.html]
[script.viserlab.com/bookcom/products/categories/computer-science.html]
[script.viserlab.com/bookcom/products/categories/artificial-intelligence.html]
[script.viserlab.com/bookcom/products/categories/programming.html]
[script.viserlab.com/bookcom/products/categories/environment-nature.html]
[script.viserlab.com/bookcom/products/categories/health-wellness.html]
[script.viserlab.com/bookcom/products/categories/depression-anxiety.html]
[script.viserlab.com/bookcom/products/categories/self-esteem.html]
[script.viserlab.com/bookcom/products/categories/fitness.html]
[script.viserlab.com/bookcom/products/categories/nutrition.html]
[script.viserlab.com/bookcom/products/categories/children-young-adult.html]
[script.viserlab.com/bookcom/products/categories/childrens-books.html]
[script.viserlab.com/bookcom/products/categories/bedtime-stories.html]
[script.viserlab.com/bookcom/products/categories/learning-early-concepts.html]
[script.viserlab.com/bookcom/products/categories/picture-books.html]
[script.viserlab.com/bookcom/products/categories/middle-grade.html]
[script.viserlab.com/bookcom/products/categories/adventure.html]
[script.viserlab.com/bookcom/products/categories/magical-creatures.html]
[script.viserlab.com/bookcom/products/categories/young-adult-ya.html]
[script.viserlab.com/bookcom/products/categories/ya-dystopian.html]
[script.viserlab.com/bookcom/products/categories/ya-fantasy.html]
[script.viserlab.com/bookcom/products/categories/ya-contemporary.html]
[script.viserlab.com/bookcom/products/categories/education-academics.html]
[script.viserlab.com/bookcom/products/categories/textbooks.html]
[script.viserlab.com/bookcom/products/categories/math.html]
[script.viserlab.com/bookcom/products/categories/science.html]
[script.viserlab.com/bookcom/products/categories/literature.html]
[script.viserlab.com/bookcom/products/categories/study-guides.html]
[script.viserlab.com/bookcom/products/categories/mathematics-study-guides.html]
[script.viserlab.com/bookcom/products/categories/science-study-guides.html]
[script.viserlab.com/bookcom/products/categories/social-studies-humanities.html]
[script.viserlab.com/bookcom/products/categories/languages-literature.html]
[script.viserlab.com/bookcom/products/categories/exam-test-preparation.html]
[script.viserlab.com/bookcom/products/categories/test-prep.html]
[script.viserlab.com/bookcom/products/categories/gre-gmat.html]
[script.viserlab.com/bookcom/products/categories/ielts-toefl.html]
[script.viserlab.com/bookcom/products/categories/research.html]
[script.viserlab.com/bookcom/products/categories/thesis-writing.html]
[script.viserlab.com/bookcom/products/categories/methodology.html]
[script.viserlab.com/bookcom/products/categories/religion-spirituality.html]
[script.viserlab.com/bookcom/products/categories/islam.html]
[script.viserlab.com/bookcom/products/categories/core-beliefs-theology.html]
[script.viserlab.com/bookcom/products/categories/quran-tafsir.html]
[script.viserlab.com/bookcom/products/categories/hadith-studies.html]
[script.viserlab.com/bookcom/products/categories/islamic-law-jurisprudence.html]
[script.viserlab.com/bookcom/products/categories/spirituality-ethics.html]
[script.viserlab.com/bookcom/products/categories/christianity.html]
[script.viserlab.com/bookcom/products/categories/bible-study.html]
[script.viserlab.com/bookcom/products/categories/theology.html]
[script.viserlab.com/bookcom/products/categories/saints-martyrs.html]
[script.viserlab.com/bookcom/products/categories/spirituality.html]
[script.viserlab.com/bookcom/products/categories/new-age.html]
[script.viserlab.com/bookcom/products/categories/chakra-energy.html]
[script.viserlab.com/bookcom/products/categories/mind-body-connection.html]
[script.viserlab.com/bookcom/products/categories/arts-literature.html]
[script.viserlab.com/bookcom/products/categories/poetry.html]
[script.viserlab.com/bookcom/products/categories/classical-poetry.html]
[script.viserlab.com/bookcom/products/categories/modern-poetry.html]
[script.viserlab.com/bookcom/products/categories/drama.html]
[script.viserlab.com/bookcom/products/categories/shakespeare.html]
[script.viserlab.com/bookcom/products/categories/modern-plays.html]
[script.viserlab.com/bookcom/products/categories/visual-arts.html]
[script.viserlab.com/bookcom/products/categories/photography.html]
[script.viserlab.com/bookcom/products/categories/painting.html]
[script.viserlab.com/bookcom/products/categories/literary-criticism.html]
[script.viserlab.com/bookcom/products/categories/feminist-theory.html]
[script.viserlab.com/bookcom/products/categories/postmodernism.html]
[script.viserlab.com/bookcom/products/categories/comics-graphic-novels.html]
[script.viserlab.com/bookcom/products/categories/manga.html]
[script.viserlab.com/bookcom/products/categories/shonen.html]
[script.viserlab.com/bookcom/products/categories/shojo.html]
[script.viserlab.com/bookcom/products/categories/seinen.html]
[script.viserlab.com/bookcom/products/categories/superhero.html]
[script.viserlab.com/bookcom/products/categories/marvel-universe.html]
[script.viserlab.com/bookcom/products/categories/dc-universe.html]
[script.viserlab.com/bookcom/products/categories/graphic-fiction.html]
[script.viserlab.com/bookcom/products/categories/indie-creator-owned.html]
[script.viserlab.com/bookcom/products/categories/adaptations-of-classics.html]
[script.viserlab.com/bookcom/products/categories/cooking-food.html]
[script.viserlab.com/bookcom/products/categories/cookbooks.html]
[script.viserlab.com/bookcom/products/categories/regional-cuisine.html]
[script.viserlab.com/bookcom/products/categories/italian.html]
[script.viserlab.com/bookcom/products/categories/indian.html]
[script.viserlab.com/bookcom/products/categories/middle-eastern.html]
[script.viserlab.com/bookcom/products/categories/special-diets.html]
[script.viserlab.com/bookcom/products/categories/vegan.html]
[script.viserlab.com/bookcom/products/categories/gluten-free.html]
[script.viserlab.com/bookcom/products/categories/baking.html]
[script.viserlab.com/bookcom/products/categories/bread.html]
[script.viserlab.com/bookcom/products/categories/pastries.html]
[script.viserlab.com/bookcom/products/categories/food-memoirs.html]
[script.viserlab.com/bookcom/products/categories/culinary-travels.html]
[script.viserlab.com/bookcom/products/categories/chef-stories.html]
[script.viserlab.com/bookcom/products/categories/travel.html]
[script.viserlab.com/bookcom/products/categories/travel-guides.html]
[script.viserlab.com/bookcom/products/categories/regional-guides.html]
[script.viserlab.com/bookcom/products/categories/europe.html]
[script.viserlab.com/bookcom/products/categories/asia.html]
[script.viserlab.com/bookcom/products/categories/africa.html]
[script.viserlab.com/bookcom/products/categories/city-destination-guides.html]
[script.viserlab.com/bookcom/products/categories/popular-cities.html]
[script.viserlab.com/bookcom/products/categories/small-towns-hidden-gems.html]
[script.viserlab.com/bookcom/products/categories/tourist-attractions.html]
[script.viserlab.com/bookcom/products/categories/thematic-travel-guides.html]
[script.viserlab.com/bookcom/products/categories/adventure-travel-guides.html]
[script.viserlab.com/bookcom/products/categories/food-culinary-travel-guides.html]
[script.viserlab.com/bookcom/products/categories/cultural-travel-guides.html]
[script.viserlab.com/bookcom/products/categories/luxury-travel-guides.html]
[script.viserlab.com/bookcom/products/categories/adventure-travel.html]
[script.viserlab.com/bookcom/products/categories/hiking-trekking.html]
[script.viserlab.com/bookcom/products/categories/mountains-peaks.html]
[script.viserlab.com/bookcom/products/categories/forests-nature-trails.html]
[script.viserlab.com/bookcom/products/categories/desert-safari-treks.html]
[script.viserlab.com/bookcom/products/categories/backpacking.html]
[script.viserlab.com/bookcom/products/categories/budget-travel-tips.html]
[script.viserlab.com/bookcom/products/categories/hostel-campsite-guides.html]
[script.viserlab.com/bookcom/products/categories/long-term-travel-stories.html]
[script.viserlab.com/bookcom/products/categories/extreme-sports-travel.html]
[script.viserlab.com/bookcom/products/categories/skiing-snowboarding.html]
[script.viserlab.com/bookcom/products/categories/rock-climbing-mountaineering.html]
[script.viserlab.com/bookcom/products/categories/surfing-water-sports.html]
[script.viserlab.com/bookcom/products/categories/cultural-travel.html]
[script.viserlab.com/bookcom/products/categories/heritage-sites.html]
[script.viserlab.com/bookcom/products/categories/unesco-world-heritage-sites.html]
[script.viserlab.com/bookcom/products/categories/archaeological-tours.html]
[script.viserlab.com/bookcom/products/categories/museums-art-galleries.html]
[script.viserlab.com/bookcom/products/categories/history-museums.html]
[script.viserlab.com/bookcom/products/categories/art-culture-exhibits.html]
[script.viserlab.com/bookcom/products/categories/science-technology-museums.html]
[script.viserlab.com/bookcom/products/categories/reference.html]
[script.viserlab.com/bookcom/products/categories/dictionaries.html]
[script.viserlab.com/bookcom/products/categories/general-dictionaries.html]
[script.viserlab.com/bookcom/products/categories/english-dictionary.html]
[script.viserlab.com/bookcom/products/categories/bilingual-dictionaries.html]
[script.viserlab.com/bookcom/products/categories/multilingual-dictionaries.html]
[script.viserlab.com/bookcom/products/categories/specialized-dictionaries.html]
[script.viserlab.com/bookcom/products/categories/medical-health.html]
[script.viserlab.com/bookcom/products/categories/legal-law.html]
[script.viserlab.com/bookcom/products/categories/thesauruses.html]
[script.viserlab.com/bookcom/products/categories/general-thesauruses.html]
[script.viserlab.com/bookcom/products/categories/english-thesaurus.html]
[script.viserlab.com/bookcom/products/categories/bilingual-thesaurus.html]
[script.viserlab.com/bookcom/products/categories/specialized-thesauruses.html]
[script.viserlab.com/bookcom/products/categories/synonyms-antonyms.html]
[script.viserlab.com/bookcom/products/categories/idioms-phrases.html]
[script.viserlab.com/bookcom/products/categories/academic-vocabulary.html]
[script.viserlab.com/bookcom/products/categories/technical-terms.html]
[script.viserlab.com/bookcom/products/categories/encyclopedias.html]
[script.viserlab.com/bookcom/products/categories/general-encyclopedias.html]
[script.viserlab.com/bookcom/products/categories/world-knowledge.html]
[script.viserlab.com/bookcom/products/categories/academic-knowledge.html]
[script.viserlab.com/bookcom/products/categories/subject-specific-encyclopedias.html]
[script.viserlab.com/bookcom/products/categories/science-technology-enc.html]
[script.viserlab.com/bookcom/products/categories/history-civilization.html]
[script.viserlab.com/bookcom/products/categories/geography-travel.html]
[script.viserlab.com/bookcom/products/categories/geography-travel-enc.html]
[script.viserlab.com/bookcom/products/categories/digital-multimedia-encyclopedias.html]
[script.viserlab.com/bookcom/products/categories/online-cd-rom-editions.html]
[script.viserlab.com/bookcom/products/categories/multimedia-interactive-guides.html]
[script.viserlab.com/bookcom/products/categories/manuals.html]
[script.viserlab.com/bookcom/products/categories/diy-guides.html]
[script.viserlab.com/bookcom/products/categories/technical-manuals.html]
[script.viserlab.com/bookcom/products/categories/creative-hobbies.html]
[script.viserlab.com/bookcom/products/categories/arts-crafts.html]
[script.viserlab.com/bookcom/products/categories/painting-hobbies.html]
[script.viserlab.com/bookcom/products/categories/drawing.html]
[script.viserlab.com/bookcom/products/categories/sculpture.html]
[script.viserlab.com/bookcom/products/categories/photography-hobbies.html]
[script.viserlab.com/bookcom/products/categories/digital-photography.html]
[script.viserlab.com/bookcom/products/categories/film-photography.html]
[script.viserlab.com/bookcom/products/categories/editing-post-processing.html]
[script.viserlab.com/bookcom/products/categories/music-performing-arts.html]
[script.viserlab.com/bookcom/products/categories/musical-instruments.html]
[script.viserlab.com/bookcom/products/categories/music-theory-composition.html]
[script.viserlab.com/bookcom/products/categories/singing-vocal-training.html]
[script.viserlab.com/bookcom/products/categories/dance-choreography.html]
[script.viserlab.com/bookcom/products/categories/writing-literature.html]
[script.viserlab.com/bookcom/products/categories/creative-writing.html]
[script.viserlab.com/bookcom/products/categories/journaling-personal-essays.html]
[script.viserlab.com/bookcom/products/categories/screenwriting-playwriting.html]
[script.viserlab.com/bookcom/products/categories/self-improvement-lifestyle.html]
[script.viserlab.com/bookcom/products/categories/personal-development.html]
[script.viserlab.com/bookcom/products/categories/goal-setting-achievement.html]
[script.viserlab.com/bookcom/products/categories/time-management.html]
[script.viserlab.com/bookcom/products/categories/productivity-efficiency.html]
[script.viserlab.com/bookcom/products/categories/habits-routines.html]
[script.viserlab.com/bookcom/products/categories/motivation-inspiration.html]
[script.viserlab.com/bookcom/products/categories/mental-emotional-wellbeing.html]
[script.viserlab.com/bookcom/products/categories/emotional-intelligence.html]
[script.viserlab.com/bookcom/products/categories/stress-management.html]
[script.viserlab.com/bookcom/products/categories/confidence-self-esteem.html]
[script.viserlab.com/bookcom/products/categories/career-professional-growth.html]
[script.viserlab.com/bookcom/products/categories/leadership-management.html]
[script.viserlab.com/bookcom/products/categories/communication-skills.html]
[script.viserlab.com/bookcom/products/categories/negotiation-persuasion.html]
[script.viserlab.com/bookcom/products/categories/networking-relationship-building.html]
[script.viserlab.com/bookcom/products/categories/health-lifestyle.html]
[script.viserlab.com/bookcom/products/categories/fitness-exercise.html]
[script.viserlab.com/bookcom/products/categories/nutrition-healthy-living.html]
[script.viserlab.com/bookcom/products/categories/sleep-recovery.html]
[script.viserlab.com/bookcom/products/categories/work-life-balance.html]
[script.viserlab.com/bookcom/products/categories/financial-wealth-building.html]
[script.viserlab.com/bookcom/products/categories/personal-finance-budgeting.html]
[script.viserlab.com/bookcom/products/categories/investing-stock-market.html]
[script.viserlab.com/bookcom/products/categories/saving-wealth-management.html]
[script.viserlab.com/bookcom/products/categories/passive-income-side-hustles.html]
[script.viserlab.com/bookcom/products/categories/financial-mindset.html]
[script.viserlab.com/bookcom/products/categories/philosophy.html]
[script.viserlab.com/bookcom/products/categories/branches-of-philosophy.html]
[script.viserlab.com/bookcom/products/categories/metaphysics.html]
[script.viserlab.com/bookcom/products/categories/ethics-morality.html]
[script.viserlab.com/bookcom/products/categories/logic-critical-thinking.html]
[script.viserlab.com/bookcom/products/categories/political-social-philosophy.html]
[script.viserlab.com/bookcom/products/categories/philosophical-traditions.html]
[script.viserlab.com/bookcom/products/categories/western-philosophy.html]
[script.viserlab.com/bookcom/products/categories/eastern-philosophy.html]
[script.viserlab.com/bookcom/products/categories/islamic-philosophy.html]
[script.viserlab.com/bookcom/products/categories/specialized-philosophy-topics.html]
[script.viserlab.com/bookcom/products/categories/philosophy-of-mind.html]
[script.viserlab.com/bookcom/products/categories/philosophy-of-science.html]
[script.viserlab.com/bookcom/products/categories/philosophy-of-religion.html]
[script.viserlab.com/bookcom/products/categories/existentialism-phenomenology.html]
[script.viserlab.com/bookcom/products/categories/practical-philosophy.html]
[script.viserlab.com/bookcom/products/categories/mindfulness-life-philosophy.html]
[script.viserlab.com/bookcom/products/categories/moral-decision-making.html]
[script.viserlab.com/bookcom/products/categories/philosophy-for-everyday-life.html]
[script.viserlab.com/bookcom/products/categories/technology.html]
[script.viserlab.com/bookcom/products/categories/information-technology-it.html]
[script.viserlab.com/bookcom/products/categories/computer-science-it.html]
[script.viserlab.com/bookcom/products/categories/software-applications.html]
[script.viserlab.com/bookcom/products/categories/data-science-big-data.html]
[script.viserlab.com/bookcom/products/categories/electronics-hardware.html]
[script.viserlab.com/bookcom/products/categories/microcontrollers-arduino.html]
[script.viserlab.com/bookcom/products/categories/raspberry-pi-diy-projects.html]
[script.viserlab.com/bookcom/products/categories/robotics-automation.html]
[script.viserlab.com/bookcom/products/categories/embedded-systems.html]
[script.viserlab.com/bookcom/products/categories/iot-internet-of-things.html]
[script.viserlab.com/bookcom/products/categories/networking-telecommunications.html]
[script.viserlab.com/bookcom/products/categories/computer-networks.html]
[script.viserlab.com/bookcom/products/categories/wireless-communication.html]
[script.viserlab.com/bookcom/products/categories/network-administration-tools.html]
[script.viserlab.com/bookcom/products/categories/emerging-technologies.html]
[script.viserlab.com/bookcom/products/categories/artificial-intelligence-deep-learning.html]
[script.viserlab.com/bookcom/products/categories/blockchain-cryptocurrencies.html]
[script.viserlab.com/bookcom/products/categories/augmented-reality-ar-virtual-reality-vr.html]
[script.viserlab.com/bookcom/products/categories/quantum-computing.html]
[script.viserlab.com/bookcom/products/categories/nanotechnology.html]
[script.viserlab.com/bookcom/products/categories/technology-society.html]
[script.viserlab.com/bookcom/products/categories/ethical-social-implications-of-technolog.html]
[script.viserlab.com/bookcom/products/categories/technology-in-education.html]
[script.viserlab.com/bookcom/products/categories/technology-in-business-industry.html]
[script.viserlab.com/bookcom/products/categories/future-of-work-automation.html]
[script.viserlab.com/bookcom/products/categories/supernatural.html]
[script.viserlab.com/bookcom/products/categories/paranormal-occult.html]
[script.viserlab.com/bookcom/products/categories/ghosts-hauntings.html]
[script.viserlab.com/bookcom/products/categories/spirits-entities.html]
[script.viserlab.com/bookcom/products/categories/witchcraft-magic.html]
[script.viserlab.com/bookcom/products/categories/mythology-folklore.html]
[script.viserlab.com/bookcom/products/categories/ancient-mythology.html]
[script.viserlab.com/bookcom/products/categories/folklore-legends.html]
[script.viserlab.com/bookcom/products/categories/supernatural-fiction.html]
[script.viserlab.com/bookcom/products/categories/horror-thriller.html]
[script.viserlab.com/bookcom/products/categories/fantasy-dark-fantasy.html]
[script.viserlab.com/bookcom/products/categories/psychic-extrasensory-abilities.html]
[script.viserlab.com/bookcom/products/categories/clairvoyance-prophecy.html]
[script.viserlab.com/bookcom/products/categories/telepathy-mind-powers.html]
[script.viserlab.com/bookcom/products/categories/mediumship-channeling.html]
[script.viserlab.com/bookcom/products/categories/business-finance-books.html]
[script.viserlab.com/bookcom/products/categories/business-management.html]
[script.viserlab.com/bookcom/products/categories/leadership-strategy.html]
[script.viserlab.com/bookcom/products/categories/entrepreneurship-startups.html]
[script.viserlab.com/bookcom/products/categories/operations-project-management.html]
[script.viserlab.com/bookcom/products/categories/marketing-sales.html]
[script.viserlab.com/bookcom/products/categories/finance-investment.html]
[script.viserlab.com/bookcom/products/categories/personal-finance-bf.html]
[script.viserlab.com/bookcom/products/categories/investing.html]
[script.viserlab.com/bookcom/products/categories/corporate-finance.html]
[script.viserlab.com/bookcom/products/categories/economics-policy.html]
[script.viserlab.com/bookcom/products/categories/microeconomics-macroeconomics.html]
[script.viserlab.com/bookcom/products/categories/behavioral-economics.html]
[script.viserlab.com/bookcom/products/categories/economic-policy-global-markets.html]
[script.viserlab.com/bookcom/products/categories/development-economics.html]
[script.viserlab.com/bookcom/products/categories/business-skills-personal-growth.html]
[script.viserlab.com/bookcom/products/categories/communication-presentation-skills.html]
[script.viserlab.com/bookcom/products/categories/time-management-productivity.html]
[script.viserlab.com/bookcom/shopping-cart.html]
[script.viserlab.com/bookcom/products/offers/1.html]
[script.viserlab.com/bookcom/products/offers/2.html]
[script.viserlab.com/bookcom/products/offers/3.html]
[script.viserlab.com/bookcom/assets/templates/basic/css/magnific-popup.min.css]
[script.viserlab.com/bookcom/assets/images/product/68f9f4690f36b1761211497.jpg]
[script.viserlab.com/bookcom/assets/products/sample_pdf/68bd8ab85714b1757252280.pdf]
[script.viserlab.com/bookcom/products/atlas-of-the-world-22.html]
[script.viserlab.com/bookcom/assets/templates/basic/js/jquery.magnific-popup.min.js]
[script.viserlab.com/bookcom/products2979.html]
[script.viserlab.com/bookcom/assets/images/product/68f9eecc5f1241761210060.jpg]
[script.viserlab.com/bookcom/products/camera-lucida-reflections-on-photography-12.html]
[script.viserlab.com/bookcom/products663d.html]
[script.viserlab.com/bookcom/assets/images/product/68f9efe56aa851761210341.png]
[script.viserlab.com/bookcom/products/salt-fat-acid-heat-13.html]
[script.viserlab.com/bookcom/assets/images/product/68f9f3d93f74a1761211353.jpg]
[script.viserlab.com/bookcom/products/categories/ancient-history.html]
[script.viserlab.com/bookcom/assets/images/author/profile/68bd7697dd49f1757247127.png]
[script.viserlab.com/bookcom/products/shadow-of-the-silk-road-by-colin-thubron-20.html]
[script.viserlab.com/bookcom/products95cf.html]
[script.viserlab.com/bookcom/assets/images/product/68f9f3f6a5f691761211382.jpg]
[script.viserlab.com/bookcom/products/encyclopedia-britannica-21.html]
[script.viserlab.com/bookcom/productsd448.html]
[script.viserlab.com/bookcom/assets/images/product/68f9f3bec814a1761211326.jpg]
[script.viserlab.com/bookcom/products/the-wild-places-19.html]
[script.viserlab.com/bookcom/assets/images/product/68f9f2a9e7c771761211049.jpg]
[script.viserlab.com/bookcom/products/categories/colonialism.html]
[script.viserlab.com/bookcom/products/wild-from-lost-to-found-on-the-pacific-crest-trail-18.html]
[script.viserlab.com/bookcom/assets/images/product/68f9f4f5a2dda1761211637.jpg]
[script.viserlab.com/bookcom/products/beyond-the-ocean-door-24.html]
[script.viserlab.com/bookcom/products5b3f.html]
[script.viserlab.com/bookcom/assets/images/product/68f9f4b897b5b1761211576.jpg]
[script.viserlab.com/bookcom/products/the-oxford-english-dictionary-23.html]
[script.viserlab.com/bookcom/products600c.html]
[script.viserlab.com/bookcom/assets/images/product/687f76e077d6e1753183968.jpg]
[script.viserlab.com/bookcom/products/all-the-light-we-cannot-see-by-anthony-doerr-1.html]
[script.viserlab.com/bookcom/productsbb62.html]
[script.viserlab.com/bookcom/assets/images/product/68f9e4ca6f1911761207498.jpg]
[script.viserlab.com/bookcom/products/the-pillars-of-the-earth-2.html]
[script.viserlab.com/bookcom/products173d.html]
[script.viserlab.com/bookcom/assets/images/product/687f7cfe2f77a1753185534.jpg]
[script.viserlab.com/bookcom/products/the-nightingale-3.html]
[script.viserlab.com/bookcom/products6c38.html]
[script.viserlab.com/bookcom/assets/images/product/687f7e4232af11753185858.jpg]
[script.viserlab.com/bookcom/products/the-talented-mr-ripley-4.html]
[script.viserlab.com/bookcom/assets/images/product/687f7f773e4e31753186167.jpg]
[script.viserlab.com/bookcom/products/becoming-by-michelle-obama-5.html]
[script.viserlab.com/bookcom/assets/images/product/687f813b330c11753186619.jpg]
[script.viserlab.com/bookcom/products/atomic-habits-7.html]
[script.viserlab.com/bookcom/assets/images/product/687f821cf1e8e1753186844.jpg]
[script.viserlab.com/bookcom/products/the-subtle-art-of-not-giving-a-fck-8.html]
[script.viserlab.com/bookcom/assets/images/product/687f84c08a9b21753187520.jpg]
[script.viserlab.com/bookcom/products/a-streetcar-named-desire-10.html]
[script.viserlab.com/bookcom/assets/images/product/68f9f2194af2e1761210905.png]
[script.viserlab.com/bookcom/products/the-great-railway-bazaar-17.html]
[script.viserlab.com/bookcom/assets/images/publisher/cover/68f9d6df674361761203935.png]
[script.viserlab.com/bookcom/assets/images/publisher/profile/68f9b6305e7671761195568.png]
[script.viserlab.com/bookcom/assets/images/publisher/cover/68f9d6b83ebd21761203896.png]
[script.viserlab.com/bookcom/assets/images/publisher/profile/68f9b5fddddb31761195517.png]
[script.viserlab.com/bookcom/products/publishers.html]
[script.viserlab.com/bookcom/products/publishers/the-bookstory.html]
[script.viserlab.com/bookcom/products/publishers/bluequill.html]
[script.viserlab.com/bookcom/products/publishers/echoprint.html]
[script.viserlab.com/bookcom/products/publishers/inknext.html]
[script.viserlab.com/bookcom/products/publishers/pagecraft.html]
[script.viserlab.com/bookcom/products/publishers/goldenpage.html]
[script.viserlab.com/bookcom/products/publishers/readable.html]
[script.viserlab.com/bookcom/products/publishers/blue-book.html]
[script.viserlab.com/bookcom/products/publishers/book-story.html]
[script.viserlab.com/bookcom/products/publishers/storyloom.html]
[script.viserlab.com/bookcom/products559e.html]
[script.viserlab.com/bookcom/assets/images/author/profile/68bd76927b9e81757247122.png]
[script.viserlab.com/bookcom/authors.html]
[script.viserlab.com/bookcom/assets/images/empty_list.png]
[script.viserlab.com/bookcom/products0f17.html]
[script.viserlab.com/bookcom/products4532.html]
[script.viserlab.com/bookcom/placeholder-image/1180x600.jpg]
[script.viserlab.com/bookcom/assets/images/frontend/blog/68c52caf3268b1757752495.png]
[script.viserlab.com/bookcom/blog/how-to-choose-the-perfect-book-for-any-occasion.html]
[script.viserlab.com/bookcom/assets/images/frontend/blog/68c52cb78eaee1757752503.png]
[script.viserlab.com/bookcom/blog/top-trending-fiction-books-that-readers-love-this-year.html]
[script.viserlab.com/bookcom/assets/images/frontend/blog/68c52cbf8c07e1757752511.png]
[script.viserlab.com/bookcom/blog/essential-guide-to-building-your-personal-home-book-library.html]
[script.viserlab.com/bookcom/cookie-policy.html]
[script.viserlab.com/bookcom/assets/images/frontend/register_page/68fa1bd6595aa1761221590.png]
[script.viserlab.com/bookcom/user/register.html]
[script.viserlab.com/bookcom/policy/privacy-policy.html]
[script.viserlab.com/bookcom/assets/images/frontend/policy_pages/seo/6635d5d9618e71714804185.png]
[script.viserlab.com/bookcom/policy/terms-of-service.html]
[script.viserlab.com/bookcom/policy/return-policy.html]
[script.viserlab.com/bookcom/assets/global/css/iziToast.min.css]
[script.viserlab.com/bookcom/assets/global/css/iziToast_custom.css]
[script.viserlab.com/bookcom/cookie/accept.html]
[script.viserlab.com/bookcom/assets/global/fonts/la-brands-400.svg]
[script.viserlab.com/bookcom/assets/global/fonts/la-regular-400.svg]
[script.viserlab.com/bookcom/assets/global/fonts/la-solid-900.svg]
[script.viserlab.com/bookcom/products/publishers/scriptaura.html]
[script.viserlab.com/bookcom/products/publishers/bookstore.html]
[script.viserlab.com/bookcom/assets/images/product/68f9f148141f91761210696.jpg]
[script.viserlab.com/bookcom/products/essentials-of-classic-italian-cooking-16.html]
[script.viserlab.com/bookcom/assets/images/product/68f9f0d734abb1761210583.jpg]
[script.viserlab.com/bookcom/products/jerusalem-a-cookbook-15.html]
[script.viserlab.com/bookcom/assets/images/product/68f9f00f5808a1761210383.jpg]
[script.viserlab.com/bookcom/products/the-food-of-sichuan-14.html]
[script.viserlab.com/bookcom/products2679.html]
[script.viserlab.com/bookcom/products4658.html]
[script.viserlab.com/bookcom/assets/images/frontend/blog/68f788589a7591761052760.png]
[script.viserlab.com/bookcom/blog/from-bestseller-to-hidden-gem-discover-your-next-great-read.html]
[script.viserlab.com/bookcom/assets/images/frontend/blog/68c52ce6872641757752550.png]
[script.viserlab.com/bookcom/blog/10-must-read-books-every-avid-reader-should-own-today.html]
[script.viserlab.com/bookcom/assets/images/frontend/blog/68c52cdfb5bf81757752543.png]
[script.viserlab.com/bookcom/blog/step-by-step-guide-to-finding-rare-books-online-easily.html]
[script.viserlab.com/bookcom/assets/images/frontend/blog/68c52cd7b20021757752535.png]
[script.viserlab.com/bookcom/blog/bestselling-childrens-books-parents-trust-and-kids-adore.html]
[script.viserlab.com/bookcom/assets/images/frontend/blog/68c52ccfd148a1757752527.png]
[script.viserlab.com/bookcom/blog/the-ultimate-book-lovers-gift-guide-for-every-season.html]
[script.viserlab.com/bookcom/assets/images/frontend/blog/68c52cc851f4e1757752520.png]
[script.viserlab.com/bookcom/blog/discover-new-authors-and-hidden-gems-in-online-bookstores.html]
[script.viserlab.com/bookcom/user/password/reset.html]
[script.viserlab.com/bookcom/assets/images/category/68f8b78df21041761130381.png]
[script.viserlab.com/bookcom/assets/images/category/68f8b7883afba1761130376.png]
[script.viserlab.com/bookcom/assets/images/category/68f8b7a7a88471761130407.png]
[script.viserlab.com/bookcom/assets/images/category/68f8b7aee5cb21761130414.png]
[script.viserlab.com/bookcom/assets/images/category/68f8b79c6e97a1761130396.png]
[script.viserlab.com/bookcom/assets/images/category/68f8b7bd272131761130429.png]
[script.viserlab.com/bookcom/assets/images/category/68f8b7b67c0f41761130422.png]
[script.viserlab.com/bookcom/assets/images/category/68f8ac13cc5641761127443.png]
[script.viserlab.com/bookcom/products/categories.html]
[script.viserlab.com/bookcom/assets/images/product/687f8371a27831753187185.jpg]
[script.viserlab.com/bookcom/products/milk-and-honey-9.html]
[script.viserlab.com/bookcom/assets/images/product/68f9edbad5f391761209786.png]
[script.viserlab.com/bookcom/products/invisible-man-11.html]
[script.viserlab.com/bookcom/assets/images/product/687f804d704c31753186381.jpg]
[script.viserlab.com/bookcom/products/educated-6.html]
[script.viserlab.com/bookcom/coupon/apply.html]
[script.viserlab.com/bookcom/assets/templates/basic/css/magnific-popup.min.css]
[script.viserlab.com/bookcom/products/categories/ancient-history.html]
[script.viserlab.com/bookcom/products/categories/colonialism.html]
[script.viserlab.com/bookcom/products559e.html]
[script.viserlab.com/bookcom/user/check-user.html]
[script.viserlab.com/bookcom/products2679.html]
[script.viserlab.com/bookcom/products/categories/school-life.html]
